Archive member included to satisfy reference by file (symbol)

/usr/lib/gcc/avr/10.2.0/avr6/libgcc.a(_divmodhi4.o)
                              stk500boot.o (__divmodhi4)
/usr/lib/gcc/avr/10.2.0/avr6/libgcc.a(_udivmodsi4.o)
                              stk500boot.o (__udivmodsi4)
/usr/lib/gcc/avr/10.2.0/avr6/libgcc.a(_exit.o)
                              /usr/lib/gcc/avr/10.2.0/../../../../avr/lib/avr6/crtatmega2560.o (exit)
/usr/lib/gcc/avr/10.2.0/avr6/libgcc.a(_copy_data.o)
                              stk500boot.o (__do_copy_data)
/usr/lib/gcc/avr/10.2.0/avr6/libgcc.a(_clear_bss.o)
                              stk500boot.o (__do_clear_bss)
/usr/lib/gcc/avr/10.2.0/avr6/libgcc.a(_bswapsi2.o)
                              stk500boot.o (__bswapsi2)
/usr/lib/gcc/avr/10.2.0/avr6/libgcc.a(_muluhisi3.o)
                              pff.o (__muluhisi3)
/usr/lib/gcc/avr/10.2.0/avr6/libgcc.a(_udivmodhi4.o)
                              /usr/lib/gcc/avr/10.2.0/avr6/libgcc.a(_divmodhi4.o) (__udivmodhi4)
/usr/lib/gcc/avr/10.2.0/avr6/libgcc.a(_umulhisi3.o)
                              /usr/lib/gcc/avr/10.2.0/avr6/libgcc.a(_muluhisi3.o) (__umulhisi3)
/usr/lib/gcc/avr/10.2.0/../../../../avr/lib/avr6/libc.a(memset.o)
                              stk500boot.o (memset)
/usr/lib/gcc/avr/10.2.0/../../../../avr/lib/avr6/libatmega2560.a(eerd_byte.o)
                              stk500boot.o (eeprom_read_byte)
/usr/lib/gcc/avr/10.2.0/../../../../avr/lib/avr6/libatmega2560.a(eewr_byte.o)
                              stk500boot.o (eeprom_write_byte)

Memory Configuration

Name             Origin             Length             Attributes
text             0x0000000000000000 0x0000000000100000 xr
data             0x0000000000800200 0x000000000000fe00 rw !x
eeprom           0x0000000000810000 0x0000000000010000 rw !x
fuse             0x0000000000820000 0x0000000000000400 rw !x
lock             0x0000000000830000 0x0000000000000400 rw !x
signature        0x0000000000840000 0x0000000000000400 rw !x
user_signatures  0x0000000000850000 0x0000000000000400 rw !x
*default*        0x0000000000000000 0xffffffffffffffff

Linker script and memory map

Address of section .data set to 0x800200
LOAD /usr/lib/gcc/avr/10.2.0/../../../../avr/lib/avr6/crtatmega2560.o
LOAD stk500boot.o
LOAD pff.o
LOAD mmc.o
LOAD asmfunc.o
LOAD /usr/lib/gcc/avr/10.2.0/../../../../avr/lib/avr6/libm.a
Address of section .text set to 0x3e000
START GROUP
LOAD /usr/lib/gcc/avr/10.2.0/avr6/libgcc.a
LOAD /usr/lib/gcc/avr/10.2.0/../../../../avr/lib/avr6/libm.a
LOAD /usr/lib/gcc/avr/10.2.0/../../../../avr/lib/avr6/libc.a
LOAD /usr/lib/gcc/avr/10.2.0/../../../../avr/lib/avr6/libatmega2560.a
END GROUP
                0x0000000000100000                __TEXT_REGION_LENGTH__ = DEFINED (__TEXT_REGION_LENGTH__)?__TEXT_REGION_LENGTH__:0x100000
                0x000000000000fe00                __DATA_REGION_LENGTH__ = DEFINED (__DATA_REGION_LENGTH__)?__DATA_REGION_LENGTH__:0xfe00
                0x0000000000010000                __EEPROM_REGION_LENGTH__ = DEFINED (__EEPROM_REGION_LENGTH__)?__EEPROM_REGION_LENGTH__:0x10000
                0x0000000000000400                __FUSE_REGION_LENGTH__ = DEFINED (__FUSE_REGION_LENGTH__)?__FUSE_REGION_LENGTH__:0x400
                0x0000000000000400                __LOCK_REGION_LENGTH__ = DEFINED (__LOCK_REGION_LENGTH__)?__LOCK_REGION_LENGTH__:0x400
                0x0000000000000400                __SIGNATURE_REGION_LENGTH__ = DEFINED (__SIGNATURE_REGION_LENGTH__)?__SIGNATURE_REGION_LENGTH__:0x400
                0x0000000000000400                __USER_SIGNATURE_REGION_LENGTH__ = DEFINED (__USER_SIGNATURE_REGION_LENGTH__)?__USER_SIGNATURE_REGION_LENGTH__:0x400

.hash
 *(.hash)

.dynsym
 *(.dynsym)

.dynstr
 *(.dynstr)

.gnu.version
 *(.gnu.version)

.gnu.version_d
 *(.gnu.version_d)

.gnu.version_r
 *(.gnu.version_r)

.rel.init
 *(.rel.init)

.rela.init
 *(.rela.init)

.rel.text
 *(.rel.text)
 *(.rel.text.*)
 *(.rel.gnu.linkonce.t*)

.rela.text
 *(.rela.text)
 *(.rela.text.*)
 *(.rela.gnu.linkonce.t*)

.rel.fini
 *(.rel.fini)

.rela.fini
 *(.rela.fini)

.rel.rodata
 *(.rel.rodata)
 *(.rel.rodata.*)
 *(.rel.gnu.linkonce.r*)

.rela.rodata
 *(.rela.rodata)
 *(.rela.rodata.*)
 *(.rela.gnu.linkonce.r*)

.rel.data
 *(.rel.data)
 *(.rel.data.*)
 *(.rel.gnu.linkonce.d*)

.rela.data
 *(.rela.data)
 *(.rela.data.*)
 *(.rela.gnu.linkonce.d*)

.rel.ctors
 *(.rel.ctors)

.rela.ctors
 *(.rela.ctors)

.rel.dtors
 *(.rel.dtors)

.rela.dtors
 *(.rela.dtors)

.rel.got
 *(.rel.got)

.rela.got
 *(.rela.got)

.rel.bss
 *(.rel.bss)

.rela.bss
 *(.rela.bss)

.rel.plt
 *(.rel.plt)

.rela.plt
 *(.rela.plt)

.text           0x000000000003e000     0x17da
 *(.vectors)
 .vectors       0x000000000003e000       0xe4 /usr/lib/gcc/avr/10.2.0/../../../../avr/lib/avr6/crtatmega2560.o
                0x000000000003e000                __vectors
                0x000000000003e000                __vector_default
 *(.vectors)
 *(.progmem.gcc*)
                0x000000000003e0e4                . = ALIGN (0x2)
                0x000000000003e0e4                __trampolines_start = .
 *(.trampolines)
 .trampolines   0x000000000003e0e4        0x0 linker stubs
 *(.trampolines*)
                0x000000000003e0e4                __trampolines_end = .
 *libprintf_flt.a:*(.progmem.data)
 *libc.a:*(.progmem.data)
 *(.progmem.*)
 .progmem.data  0x000000000003e0e4        0xb stk500boot.o
                0x000000000003e0e4                gTextMsg_CPU_Name
                0x000000000003e0f0                . = ALIGN (0x2)
 *fill*         0x000000000003e0ef        0x1 
 *(.lowtext)
 *(.lowtext*)
                0x000000000003e0f0                __ctors_start = .
 *(.ctors)
                0x000000000003e0f0                __ctors_end = .
                0x000000000003e0f0                __dtors_start = .
 *(.dtors)
                0x000000000003e0f0                __dtors_end = .
 SORT_BY_NAME(*)(.ctors)
 SORT_BY_NAME(*)(.dtors)
 *(.init0)
 .init0         0x000000000003e0f0        0x0 /usr/lib/gcc/avr/10.2.0/../../../../avr/lib/avr6/crtatmega2560.o
                0x000000000003e0f0                __init
 *(.init0)
 *(.init1)
 *(.init1)
 *(.init2)
 .init2         0x000000000003e0f0       0x10 /usr/lib/gcc/avr/10.2.0/../../../../avr/lib/avr6/crtatmega2560.o
 *(.init2)
 *(.init3)
 *(.init3)
 *(.init4)
 .init4         0x000000000003e100       0x1a /usr/lib/gcc/avr/10.2.0/avr6/libgcc.a(_copy_data.o)
                0x000000000003e100                __do_copy_data
 .init4         0x000000000003e11a       0x10 /usr/lib/gcc/avr/10.2.0/avr6/libgcc.a(_clear_bss.o)
                0x000000000003e11a                __do_clear_bss
 *(.init4)
 *(.init5)
 *(.init5)
 *(.init6)
 *(.init6)
 *(.init7)
 *(.init7)
 *(.init8)
 *(.init8)
 *(.init9)
 .init9         0x000000000003e12a        0x6 /usr/lib/gcc/avr/10.2.0/../../../../avr/lib/avr6/crtatmega2560.o
 .init9         0x000000000003e130        0xe stk500boot.o
                0x000000000003e130                __jumpMain
 *(.init9)
 *(.text)
 .text          0x000000000003e13e        0x2 /usr/lib/gcc/avr/10.2.0/../../../../avr/lib/avr6/crtatmega2560.o
                0x000000000003e13e                __vector_38
                0x000000000003e13e                __vector_22
                0x000000000003e13e                __vector_28
                0x000000000003e13e                __vector_1
                0x000000000003e13e                __vector_32
                0x000000000003e13e                __vector_34
                0x000000000003e13e                __vector_24
                0x000000000003e13e                __vector_12
                0x000000000003e13e                __vector_55
                0x000000000003e13e                __vector_46
                0x000000000003e13e                __bad_interrupt
                0x000000000003e13e                __vector_6
                0x000000000003e13e                __vector_31
                0x000000000003e13e                __vector_35
                0x000000000003e13e                __vector_39
                0x000000000003e13e                __vector_3
                0x000000000003e13e                __vector_23
                0x000000000003e13e                __vector_30
                0x000000000003e13e                __vector_45
                0x000000000003e13e                __vector_25
                0x000000000003e13e                __vector_11
                0x000000000003e13e                __vector_54
                0x000000000003e13e                __vector_13
                0x000000000003e13e                __vector_17
                0x000000000003e13e                __vector_19
                0x000000000003e13e                __vector_56
                0x000000000003e13e                __vector_7
                0x000000000003e13e                __vector_49
                0x000000000003e13e                __vector_41
                0x000000000003e13e                __vector_43
                0x000000000003e13e                __vector_27
                0x000000000003e13e                __vector_5
                0x000000000003e13e                __vector_33
                0x000000000003e13e                __vector_47
                0x000000000003e13e                __vector_52
                0x000000000003e13e                __vector_37
                0x000000000003e13e                __vector_4
                0x000000000003e13e                __vector_44
                0x000000000003e13e                __vector_51
                0x000000000003e13e                __vector_9
                0x000000000003e13e                __vector_2
                0x000000000003e13e                __vector_21
                0x000000000003e13e                __vector_15
                0x000000000003e13e                __vector_36
                0x000000000003e13e                __vector_29
                0x000000000003e13e                __vector_40
                0x000000000003e13e                __vector_8
                0x000000000003e13e                __vector_26
                0x000000000003e13e                __vector_48
                0x000000000003e13e                __vector_14
                0x000000000003e13e                __vector_53
                0x000000000003e13e                __vector_10
                0x000000000003e13e                __vector_50
                0x000000000003e13e                __vector_16
                0x000000000003e13e                __vector_18
                0x000000000003e13e                __vector_20
                0x000000000003e13e                __vector_42
 .text          0x000000000003e140      0x10a stk500boot.o
                0x000000000003e158                delay_ms
                0x000000000003e176                PrintFromPROGMEM
                0x000000000003e19c                PrintNewLine
                0x000000000003e1a4                PrintFromPROGMEMln
                0x000000000003e1a8                PrintString
                0x000000000003e1be                PrintHexByte
                0x000000000003e1e8                PrintDecInt
 .text          0x000000000003e24a      0x9cc pff.o
                0x000000000003e4c6                pf_mount
                0x000000000003e6ee                pf_open
                0x000000000003e9fc                pf_read
 .text          0x000000000003ec16      0x23a mmc.o
                0x000000000003ec7c                disk_initialize
                0x000000000003edae                disk_readp
 .text          0x000000000003ee50       0x9a asmfunc.o
                0x000000000003ee50                init_spi
                0x000000000003ee5a                dly_100us
                0x000000000003ee6a                select
                0x000000000003ee70                deselect
                0x000000000003ee72                rcv_spi
                0x000000000003ee74                xmit_spi
                0x000000000003ee8e                flash_erase
                0x000000000003eeac                flash_write
 .text          0x000000000003eeea        0x0 /usr/lib/gcc/avr/10.2.0/avr6/libgcc.a(_divmodhi4.o)
 .text          0x000000000003eeea        0x0 /usr/lib/gcc/avr/10.2.0/avr6/libgcc.a(_udivmodsi4.o)
 .text          0x000000000003eeea        0x0 /usr/lib/gcc/avr/10.2.0/avr6/libgcc.a(_exit.o)
 .text          0x000000000003eeea        0x0 /usr/lib/gcc/avr/10.2.0/avr6/libgcc.a(_copy_data.o)
 .text          0x000000000003eeea        0x0 /usr/lib/gcc/avr/10.2.0/avr6/libgcc.a(_clear_bss.o)
 .text          0x000000000003eeea        0x0 /usr/lib/gcc/avr/10.2.0/avr6/libgcc.a(_bswapsi2.o)
 .text          0x000000000003eeea        0x0 /usr/lib/gcc/avr/10.2.0/avr6/libgcc.a(_muluhisi3.o)
 .text          0x000000000003eeea        0x0 /usr/lib/gcc/avr/10.2.0/avr6/libgcc.a(_udivmodhi4.o)
 .text          0x000000000003eeea        0x0 /usr/lib/gcc/avr/10.2.0/avr6/libgcc.a(_umulhisi3.o)
 .text          0x000000000003eeea        0x0 /usr/lib/gcc/avr/10.2.0/../../../../avr/lib/avr6/libc.a(memset.o)
 .text          0x000000000003eeea        0x0 /usr/lib/gcc/avr/10.2.0/../../../../avr/lib/avr6/libatmega2560.a(eerd_byte.o)
 .text          0x000000000003eeea        0x0 /usr/lib/gcc/avr/10.2.0/../../../../avr/lib/avr6/libatmega2560.a(eewr_byte.o)
                0x000000000003eeea                . = ALIGN (0x2)
 *(.text.*)
 .text.startup  0x000000000003eeea      0x7e0 stk500boot.o
                0x000000000003eeea                main
 .text.libgcc.mul
                0x000000000003f6ca        0x0 /usr/lib/gcc/avr/10.2.0/avr6/libgcc.a(_divmodhi4.o)
 .text.libgcc.div
                0x000000000003f6ca       0x26 /usr/lib/gcc/avr/10.2.0/avr6/libgcc.a(_divmodhi4.o)
                0x000000000003f6ca                __divmodhi4
                0x000000000003f6ca                _div
 .text.libgcc   0x000000000003f6f0        0x0 /usr/lib/gcc/avr/10.2.0/avr6/libgcc.a(_divmodhi4.o)
 .text.libgcc.prologue
                0x000000000003f6f0        0x0 /usr/lib/gcc/avr/10.2.0/avr6/libgcc.a(_divmodhi4.o)
 .text.libgcc.builtins
                0x000000000003f6f0        0x0 /usr/lib/gcc/avr/10.2.0/avr6/libgcc.a(_divmodhi4.o)
 .text.libgcc.fmul
                0x000000000003f6f0        0x0 /usr/lib/gcc/avr/10.2.0/avr6/libgcc.a(_divmodhi4.o)
 .text.libgcc.fixed
                0x000000000003f6f0        0x0 /usr/lib/gcc/avr/10.2.0/avr6/libgcc.a(_divmodhi4.o)
 .text.libgcc.mul
                0x000000000003f6f0        0x0 /usr/lib/gcc/avr/10.2.0/avr6/libgcc.a(_udivmodsi4.o)
 .text.libgcc.div
                0x000000000003f6f0       0x44 /usr/lib/gcc/avr/10.2.0/avr6/libgcc.a(_udivmodsi4.o)
                0x000000000003f6f0                __udivmodsi4
 .text.libgcc   0x000000000003f734        0x0 /usr/lib/gcc/avr/10.2.0/avr6/libgcc.a(_udivmodsi4.o)
 .text.libgcc.prologue
                0x000000000003f734        0x0 /usr/lib/gcc/avr/10.2.0/avr6/libgcc.a(_udivmodsi4.o)
 .text.libgcc.builtins
                0x000000000003f734        0x0 /usr/lib/gcc/avr/10.2.0/avr6/libgcc.a(_udivmodsi4.o)
 .text.libgcc.fmul
                0x000000000003f734        0x0 /usr/lib/gcc/avr/10.2.0/avr6/libgcc.a(_udivmodsi4.o)
 .text.libgcc.fixed
                0x000000000003f734        0x0 /usr/lib/gcc/avr/10.2.0/avr6/libgcc.a(_udivmodsi4.o)
 .text.libgcc.mul
                0x000000000003f734        0x0 /usr/lib/gcc/avr/10.2.0/avr6/libgcc.a(_exit.o)
 .text.libgcc.div
                0x000000000003f734        0x0 /usr/lib/gcc/avr/10.2.0/avr6/libgcc.a(_exit.o)
 .text.libgcc   0x000000000003f734        0x0 /usr/lib/gcc/avr/10.2.0/avr6/libgcc.a(_exit.o)
 .text.libgcc.prologue
                0x000000000003f734        0x0 /usr/lib/gcc/avr/10.2.0/avr6/libgcc.a(_exit.o)
 .text.libgcc.builtins
                0x000000000003f734        0x0 /usr/lib/gcc/avr/10.2.0/avr6/libgcc.a(_exit.o)
 .text.libgcc.fmul
                0x000000000003f734        0x0 /usr/lib/gcc/avr/10.2.0/avr6/libgcc.a(_exit.o)
 .text.libgcc.fixed
                0x000000000003f734        0x0 /usr/lib/gcc/avr/10.2.0/avr6/libgcc.a(_exit.o)
 .text.libgcc.mul
                0x000000000003f734        0x0 /usr/lib/gcc/avr/10.2.0/avr6/libgcc.a(_copy_data.o)
 .text.libgcc.div
                0x000000000003f734        0x0 /usr/lib/gcc/avr/10.2.0/avr6/libgcc.a(_copy_data.o)
 .text.libgcc   0x000000000003f734        0x0 /usr/lib/gcc/avr/10.2.0/avr6/libgcc.a(_copy_data.o)
 .text.libgcc.prologue
                0x000000000003f734        0x0 /usr/lib/gcc/avr/10.2.0/avr6/libgcc.a(_copy_data.o)
 .text.libgcc.builtins
                0x000000000003f734        0x0 /usr/lib/gcc/avr/10.2.0/avr6/libgcc.a(_copy_data.o)
 .text.libgcc.fmul
                0x000000000003f734        0x0 /usr/lib/gcc/avr/10.2.0/avr6/libgcc.a(_copy_data.o)
 .text.libgcc.fixed
                0x000000000003f734        0x0 /usr/lib/gcc/avr/10.2.0/avr6/libgcc.a(_copy_data.o)
 .text.libgcc.mul
                0x000000000003f734        0x0 /usr/lib/gcc/avr/10.2.0/avr6/libgcc.a(_clear_bss.o)
 .text.libgcc.div
                0x000000000003f734        0x0 /usr/lib/gcc/avr/10.2.0/avr6/libgcc.a(_clear_bss.o)
 .text.libgcc   0x000000000003f734        0x0 /usr/lib/gcc/avr/10.2.0/avr6/libgcc.a(_clear_bss.o)
 .text.libgcc.prologue
                0x000000000003f734        0x0 /usr/lib/gcc/avr/10.2.0/avr6/libgcc.a(_clear_bss.o)
 .text.libgcc.builtins
                0x000000000003f734        0x0 /usr/lib/gcc/avr/10.2.0/avr6/libgcc.a(_clear_bss.o)
 .text.libgcc.fmul
                0x000000000003f734        0x0 /usr/lib/gcc/avr/10.2.0/avr6/libgcc.a(_clear_bss.o)
 .text.libgcc.fixed
                0x000000000003f734        0x0 /usr/lib/gcc/avr/10.2.0/avr6/libgcc.a(_clear_bss.o)
 .text.libgcc.mul
                0x000000000003f734        0x0 /usr/lib/gcc/avr/10.2.0/avr6/libgcc.a(_bswapsi2.o)
 .text.libgcc.div
                0x000000000003f734        0x0 /usr/lib/gcc/avr/10.2.0/avr6/libgcc.a(_bswapsi2.o)
 .text.libgcc   0x000000000003f734        0x0 /usr/lib/gcc/avr/10.2.0/avr6/libgcc.a(_bswapsi2.o)
 .text.libgcc.prologue
                0x000000000003f734        0x0 /usr/lib/gcc/avr/10.2.0/avr6/libgcc.a(_bswapsi2.o)
 .text.libgcc.builtins
                0x000000000003f734        0xe /usr/lib/gcc/avr/10.2.0/avr6/libgcc.a(_bswapsi2.o)
                0x000000000003f734                __bswapsi2
 .text.libgcc.fmul
                0x000000000003f742        0x0 /usr/lib/gcc/avr/10.2.0/avr6/libgcc.a(_bswapsi2.o)
 .text.libgcc.fixed
                0x000000000003f742        0x0 /usr/lib/gcc/avr/10.2.0/avr6/libgcc.a(_bswapsi2.o)
 .text.libgcc.mul
                0x000000000003f742       0x14 /usr/lib/gcc/avr/10.2.0/avr6/libgcc.a(_muluhisi3.o)
                0x000000000003f742                __muluhisi3
 .text.libgcc.div
                0x000000000003f756        0x0 /usr/lib/gcc/avr/10.2.0/avr6/libgcc.a(_muluhisi3.o)
 .text.libgcc   0x000000000003f756        0x0 /usr/lib/gcc/avr/10.2.0/avr6/libgcc.a(_muluhisi3.o)
 .text.libgcc.prologue
                0x000000000003f756        0x0 /usr/lib/gcc/avr/10.2.0/avr6/libgcc.a(_muluhisi3.o)
 .text.libgcc.builtins
                0x000000000003f756        0x0 /usr/lib/gcc/avr/10.2.0/avr6/libgcc.a(_muluhisi3.o)
 .text.libgcc.fmul
                0x000000000003f756        0x0 /usr/lib/gcc/avr/10.2.0/avr6/libgcc.a(_muluhisi3.o)
 .text.libgcc.fixed
                0x000000000003f756        0x0 /usr/lib/gcc/avr/10.2.0/avr6/libgcc.a(_muluhisi3.o)
 .text.libgcc.mul
                0x000000000003f756        0x0 /usr/lib/gcc/avr/10.2.0/avr6/libgcc.a(_udivmodhi4.o)
 .text.libgcc.div
                0x000000000003f756       0x28 /usr/lib/gcc/avr/10.2.0/avr6/libgcc.a(_udivmodhi4.o)
                0x000000000003f756                __udivmodhi4
 .text.libgcc   0x000000000003f77e        0x0 /usr/lib/gcc/avr/10.2.0/avr6/libgcc.a(_udivmodhi4.o)
 .text.libgcc.prologue
                0x000000000003f77e        0x0 /usr/lib/gcc/avr/10.2.0/avr6/libgcc.a(_udivmodhi4.o)
 .text.libgcc.builtins
                0x000000000003f77e        0x0 /usr/lib/gcc/avr/10.2.0/avr6/libgcc.a(_udivmodhi4.o)
 .text.libgcc.fmul
                0x000000000003f77e        0x0 /usr/lib/gcc/avr/10.2.0/avr6/libgcc.a(_udivmodhi4.o)
 .text.libgcc.fixed
                0x000000000003f77e        0x0 /usr/lib/gcc/avr/10.2.0/avr6/libgcc.a(_udivmodhi4.o)
 .text.libgcc.mul
                0x000000000003f77e       0x1e /usr/lib/gcc/avr/10.2.0/avr6/libgcc.a(_umulhisi3.o)
                0x000000000003f77e                __umulhisi3
 .text.libgcc.div
                0x000000000003f79c        0x0 /usr/lib/gcc/avr/10.2.0/avr6/libgcc.a(_umulhisi3.o)
 .text.libgcc   0x000000000003f79c        0x0 /usr/lib/gcc/avr/10.2.0/avr6/libgcc.a(_umulhisi3.o)
 .text.libgcc.prologue
                0x000000000003f79c        0x0 /usr/lib/gcc/avr/10.2.0/avr6/libgcc.a(_umulhisi3.o)
 .text.libgcc.builtins
                0x000000000003f79c        0x0 /usr/lib/gcc/avr/10.2.0/avr6/libgcc.a(_umulhisi3.o)
 .text.libgcc.fmul
                0x000000000003f79c        0x0 /usr/lib/gcc/avr/10.2.0/avr6/libgcc.a(_umulhisi3.o)
 .text.libgcc.fixed
                0x000000000003f79c        0x0 /usr/lib/gcc/avr/10.2.0/avr6/libgcc.a(_umulhisi3.o)
 .text.avr-libc
                0x000000000003f79c        0xe /usr/lib/gcc/avr/10.2.0/../../../../avr/lib/avr6/libc.a(memset.o)
                0x000000000003f79c                memset
 .text.avr-libc
                0x000000000003f7aa       0x10 /usr/lib/gcc/avr/10.2.0/../../../../avr/lib/avr6/libatmega2560.a(eerd_byte.o)
                0x000000000003f7aa                eeprom_read_byte
 .text.avr-libc
                0x000000000003f7ba       0x1c /usr/lib/gcc/avr/10.2.0/../../../../avr/lib/avr6/libatmega2560.a(eewr_byte.o)
                0x000000000003f7ba                eeprom_write_byte
                0x000000000003f7bc                eeprom_write_r18
                0x000000000003f7d6                . = ALIGN (0x2)
 *(.fini9)
 .fini9         0x000000000003f7d6        0x0 /usr/lib/gcc/avr/10.2.0/avr6/libgcc.a(_exit.o)
                0x000000000003f7d6                exit
                0x000000000003f7d6                _exit
 *(.fini9)
 *(.fini8)
 *(.fini8)
 *(.fini7)
 *(.fini7)
 *(.fini6)
 *(.fini6)
 *(.fini5)
 *(.fini5)
 *(.fini4)
 *(.fini4)
 *(.fini3)
 *(.fini3)
 *(.fini2)
 *(.fini2)
 *(.fini1)
 *(.fini1)
 *(.fini0)
 .fini0         0x000000000003f7d6        0x4 /usr/lib/gcc/avr/10.2.0/avr6/libgcc.a(_exit.o)
 *(.fini0)
 *(.hightext)
 *(.hightext*)
 *(.progmemx.*)
                0x000000000003f7da                . = ALIGN (0x2)
 *(.jumptables)
 *(.jumptables*)
                0x000000000003f7da                _etext = .

.data           0x0000000000800200       0x12 load address 0x000000000003f7da
                0x0000000000800200                PROVIDE (__data_start = .)
 *(.data)
 .data          0x0000000000800200        0x0 /usr/lib/gcc/avr/10.2.0/../../../../avr/lib/avr6/crtatmega2560.o
 .data          0x0000000000800200        0x1 stk500boot.o
                0x0000000000800200                check
 .data          0x0000000000800201        0x0 pff.o
 .data          0x0000000000800201        0x0 mmc.o
 .data          0x0000000000800201        0x0 asmfunc.o
 .data          0x0000000000800201        0x0 /usr/lib/gcc/avr/10.2.0/avr6/libgcc.a(_divmodhi4.o)
 .data          0x0000000000800201        0x0 /usr/lib/gcc/avr/10.2.0/avr6/libgcc.a(_udivmodsi4.o)
 .data          0x0000000000800201        0x0 /usr/lib/gcc/avr/10.2.0/avr6/libgcc.a(_exit.o)
 .data          0x0000000000800201        0x0 /usr/lib/gcc/avr/10.2.0/avr6/libgcc.a(_copy_data.o)
 .data          0x0000000000800201        0x0 /usr/lib/gcc/avr/10.2.0/avr6/libgcc.a(_clear_bss.o)
 .data          0x0000000000800201        0x0 /usr/lib/gcc/avr/10.2.0/avr6/libgcc.a(_bswapsi2.o)
 .data          0x0000000000800201        0x0 /usr/lib/gcc/avr/10.2.0/avr6/libgcc.a(_muluhisi3.o)
 .data          0x0000000000800201        0x0 /usr/lib/gcc/avr/10.2.0/avr6/libgcc.a(_udivmodhi4.o)
 .data          0x0000000000800201        0x0 /usr/lib/gcc/avr/10.2.0/avr6/libgcc.a(_umulhisi3.o)
 .data          0x0000000000800201        0x0 /usr/lib/gcc/avr/10.2.0/../../../../avr/lib/avr6/libc.a(memset.o)
 .data          0x0000000000800201        0x0 /usr/lib/gcc/avr/10.2.0/../../../../avr/lib/avr6/libatmega2560.a(eerd_byte.o)
 .data          0x0000000000800201        0x0 /usr/lib/gcc/avr/10.2.0/../../../../avr/lib/avr6/libatmega2560.a(eewr_byte.o)
 *(.data*)
 *(.gnu.linkonce.d*)
 *(.rodata)
 .rodata        0x0000000000800201        0x3 stk500boot.o
 *(.rodata*)
 .rodata.str1.1
                0x0000000000800204        0xd stk500boot.o
 *(.gnu.linkonce.r*)
                0x0000000000800212                . = ALIGN (0x2)
 *fill*         0x0000000000800211        0x1 
                0x0000000000800212                _edata = .
                0x0000000000800212                PROVIDE (__data_end = .)

.bss            0x0000000000800212      0x13b
                0x0000000000800212                PROVIDE (__bss_start = .)
 *(.bss)
 .bss           0x0000000000800212        0x0 /usr/lib/gcc/avr/10.2.0/../../../../avr/lib/avr6/crtatmega2560.o
 .bss           0x0000000000800212      0x138 stk500boot.o
                0x0000000000800212                gEepromIndex
                0x0000000000800216                gFlashIndex
                0x000000000080021a                gRamIndex
                0x000000000080021e                app_start
                0x0000000000800220                Buff
                0x0000000000800320                Fatfs
 .bss           0x000000000080034a        0x2 pff.o
 .bss           0x000000000080034c        0x1 mmc.o
 .bss           0x000000000080034d        0x0 asmfunc.o
 .bss           0x000000000080034d        0x0 /usr/lib/gcc/avr/10.2.0/avr6/libgcc.a(_divmodhi4.o)
 .bss           0x000000000080034d        0x0 /usr/lib/gcc/avr/10.2.0/avr6/libgcc.a(_udivmodsi4.o)
 .bss           0x000000000080034d        0x0 /usr/lib/gcc/avr/10.2.0/avr6/libgcc.a(_exit.o)
 .bss           0x000000000080034d        0x0 /usr/lib/gcc/avr/10.2.0/avr6/libgcc.a(_copy_data.o)
 .bss           0x000000000080034d        0x0 /usr/lib/gcc/avr/10.2.0/avr6/libgcc.a(_clear_bss.o)
 .bss           0x000000000080034d        0x0 /usr/lib/gcc/avr/10.2.0/avr6/libgcc.a(_bswapsi2.o)
 .bss           0x000000000080034d        0x0 /usr/lib/gcc/avr/10.2.0/avr6/libgcc.a(_muluhisi3.o)
 .bss           0x000000000080034d        0x0 /usr/lib/gcc/avr/10.2.0/avr6/libgcc.a(_udivmodhi4.o)
 .bss           0x000000000080034d        0x0 /usr/lib/gcc/avr/10.2.0/avr6/libgcc.a(_umulhisi3.o)
 .bss           0x000000000080034d        0x0 /usr/lib/gcc/avr/10.2.0/../../../../avr/lib/avr6/libc.a(memset.o)
 .bss           0x000000000080034d        0x0 /usr/lib/gcc/avr/10.2.0/../../../../avr/lib/avr6/libatmega2560.a(eerd_byte.o)
 .bss           0x000000000080034d        0x0 /usr/lib/gcc/avr/10.2.0/../../../../avr/lib/avr6/libatmega2560.a(eewr_byte.o)
 *(.bss*)
 *(COMMON)
                0x000000000080034d                PROVIDE (__bss_end = .)
                0x000000000003f7da                __data_load_start = LOADADDR (.data)
                0x000000000003f7ec                __data_load_end = (__data_load_start + SIZEOF (.data))

.noinit         0x000000000080034d        0x0
                [!provide]                        PROVIDE (__noinit_start = .)
 *(.noinit*)
                [!provide]                        PROVIDE (__noinit_end = .)
                0x000000000080034d                _end = .
                [!provide]                        PROVIDE (__heap_start = .)

.eeprom         0x0000000000810000        0x0
 *(.eeprom*)
                0x0000000000810000                __eeprom_end = .

.fuse
 *(.fuse)
 *(.lfuse)
 *(.hfuse)
 *(.efuse)

.lock
 *(.lock*)

.signature
 *(.signature*)

.stab           0x0000000000000000      0x438
 *(.stab)
 .stab          0x0000000000000000      0x438 asmfunc.o

.stabstr        0x0000000000000000       0x89
 *(.stabstr)
 .stabstr       0x0000000000000000       0x89 asmfunc.o

.stab.excl
 *(.stab.excl)

.stab.exclstr
 *(.stab.exclstr)

.stab.index
 *(.stab.index)

.stab.indexstr
 *(.stab.indexstr)

.comment        0x0000000000000000       0x12
 *(.comment)
 .comment       0x0000000000000000       0x12 stk500boot.o
                                         0x13 (size before relaxing)
 .comment       0x0000000000000012       0x13 pff.o
 .comment       0x0000000000000012       0x13 mmc.o

.note.gnu.avr.deviceinfo
                0x0000000000000000       0x40
 .note.gnu.avr.deviceinfo
                0x0000000000000000       0x40 /usr/lib/gcc/avr/10.2.0/../../../../avr/lib/avr6/crtatmega2560.o

.note.gnu.build-id
 *(.note.gnu.build-id)

.debug
 *(.debug)

.line
 *(.line)

.debug_srcinfo
 *(.debug_srcinfo)

.debug_sfnames
 *(.debug_sfnames)

.debug_aranges  0x0000000000000000       0x70
 *(.debug_aranges)
 .debug_aranges
                0x0000000000000000       0x30 stk500boot.o
 .debug_aranges
                0x0000000000000030       0x20 pff.o
 .debug_aranges
                0x0000000000000050       0x20 mmc.o

.debug_pubnames
 *(.debug_pubnames)

.debug_info     0x0000000000000000     0x2cd6
 *(.debug_info .gnu.linkonce.wi.*)
 .debug_info    0x0000000000000000      0xbbc /usr/lib/gcc/avr/10.2.0/../../../../avr/lib/avr6/crtatmega2560.o
 .debug_info    0x0000000000000bbc      0xedf stk500boot.o
 .debug_info    0x0000000000001a9b      0xd1c pff.o
 .debug_info    0x00000000000027b7      0x51f mmc.o

.debug_abbrev   0x0000000000000000     0x126f
 *(.debug_abbrev)
 .debug_abbrev  0x0000000000000000      0xb1a /usr/lib/gcc/avr/10.2.0/../../../../avr/lib/avr6/crtatmega2560.o
 .debug_abbrev  0x0000000000000b1a      0x35f stk500boot.o
 .debug_abbrev  0x0000000000000e79      0x2b6 pff.o
 .debug_abbrev  0x000000000000112f      0x140 mmc.o

.debug_line     0x0000000000000000     0x2f7b
 *(.debug_line .debug_line.* .debug_line_end)
 .debug_line    0x0000000000000000       0x1d /usr/lib/gcc/avr/10.2.0/../../../../avr/lib/avr6/crtatmega2560.o
 .debug_line    0x000000000000001d     0x17bd stk500boot.o
 .debug_line    0x00000000000017da     0x10f0 pff.o
 .debug_line    0x00000000000028ca      0x6b1 mmc.o

.debug_frame    0x0000000000000000      0x3a0
 *(.debug_frame)
 .debug_frame   0x0000000000000000       0xf0 stk500boot.o
 .debug_frame   0x00000000000000f0      0x1ec pff.o
 .debug_frame   0x00000000000002dc       0xc4 mmc.o

.debug_str      0x0000000000000000      0xa81
 *(.debug_str)
 .debug_str     0x0000000000000000      0x3e6 /usr/lib/gcc/avr/10.2.0/../../../../avr/lib/avr6/crtatmega2560.o
 .debug_str     0x00000000000003e6      0x53f stk500boot.o
                                        0x59f (size before relaxing)
 .debug_str     0x0000000000000925      0x10a pff.o
                                        0x398 (size before relaxing)
 .debug_str     0x0000000000000a2f       0x52 mmc.o
                                        0x25a (size before relaxing)

.debug_loc      0x0000000000000000     0x2b45
 *(.debug_loc)
 .debug_loc     0x0000000000000000     0x152c stk500boot.o
 .debug_loc     0x000000000000152c     0x110a pff.o
 .debug_loc     0x0000000000002636      0x50f mmc.o

.debug_macinfo
 *(.debug_macinfo)

.debug_weaknames
 *(.debug_weaknames)

.debug_funcnames
 *(.debug_funcnames)

.debug_typenames
 *(.debug_typenames)

.debug_varnames
 *(.debug_varnames)

.debug_pubtypes
 *(.debug_pubtypes)

.debug_ranges   0x0000000000000000      0x210
 *(.debug_ranges)
 .debug_ranges  0x0000000000000000      0x150 stk500boot.o
 .debug_ranges  0x0000000000000150       0xc0 pff.o

.debug_macro
 *(.debug_macro)

.debug_addr
 *(.debug_addr)
OUTPUT(stk500boot.elf elf32-avr)
LOAD linker stubs

Cross Reference Table

Symbol                                            File
Buff                                              stk500boot.o
Fatfs                                             stk500boot.o
PrintDecInt                                       stk500boot.o
PrintFromPROGMEM                                  stk500boot.o
PrintFromPROGMEMln                                stk500boot.o
PrintHexByte                                      stk500boot.o
PrintNewLine                                      stk500boot.o
PrintString                                       stk500boot.o
__bad_interrupt                                   /usr/lib/gcc/avr/10.2.0/../../../../avr/lib/avr6/crtatmega2560.o
__bss_end                                         /usr/lib/gcc/avr/10.2.0/avr6/libgcc.a(_clear_bss.o)
__bss_start                                       /usr/lib/gcc/avr/10.2.0/avr6/libgcc.a(_clear_bss.o)
__bswapsi2                                        /usr/lib/gcc/avr/10.2.0/avr6/libgcc.a(_bswapsi2.o)
                                                  stk500boot.o
__data_end                                        /usr/lib/gcc/avr/10.2.0/avr6/libgcc.a(_copy_data.o)
__data_load_start                                 /usr/lib/gcc/avr/10.2.0/avr6/libgcc.a(_copy_data.o)
__data_start                                      /usr/lib/gcc/avr/10.2.0/avr6/libgcc.a(_copy_data.o)
__divmodhi4                                       /usr/lib/gcc/avr/10.2.0/avr6/libgcc.a(_divmodhi4.o)
                                                  stk500boot.o
__do_clear_bss                                    /usr/lib/gcc/avr/10.2.0/avr6/libgcc.a(_clear_bss.o)
                                                  mmc.o
                                                  pff.o
                                                  stk500boot.o
__do_copy_data                                    /usr/lib/gcc/avr/10.2.0/avr6/libgcc.a(_copy_data.o)
                                                  stk500boot.o
__heap_end                                        /usr/lib/gcc/avr/10.2.0/../../../../avr/lib/avr6/crtatmega2560.o
__init                                            /usr/lib/gcc/avr/10.2.0/../../../../avr/lib/avr6/crtatmega2560.o
__jumpMain                                        stk500boot.o
__muluhisi3                                       /usr/lib/gcc/avr/10.2.0/avr6/libgcc.a(_muluhisi3.o)
                                                  pff.o
__stack                                           /usr/lib/gcc/avr/10.2.0/../../../../avr/lib/avr6/crtatmega2560.o
__udivmodhi4                                      /usr/lib/gcc/avr/10.2.0/avr6/libgcc.a(_udivmodhi4.o)
                                                  /usr/lib/gcc/avr/10.2.0/avr6/libgcc.a(_divmodhi4.o)
__udivmodsi4                                      /usr/lib/gcc/avr/10.2.0/avr6/libgcc.a(_udivmodsi4.o)
                                                  pff.o
                                                  stk500boot.o
__umulhisi3                                       /usr/lib/gcc/avr/10.2.0/avr6/libgcc.a(_umulhisi3.o)
                                                  /usr/lib/gcc/avr/10.2.0/avr6/libgcc.a(_muluhisi3.o)
__vector_1                                        /usr/lib/gcc/avr/10.2.0/../../../../avr/lib/avr6/crtatmega2560.o
__vector_10                                       /usr/lib/gcc/avr/10.2.0/../../../../avr/lib/avr6/crtatmega2560.o
__vector_11                                       /usr/lib/gcc/avr/10.2.0/../../../../avr/lib/avr6/crtatmega2560.o
__vector_12                                       /usr/lib/gcc/avr/10.2.0/../../../../avr/lib/avr6/crtatmega2560.o
__vector_13                                       /usr/lib/gcc/avr/10.2.0/../../../../avr/lib/avr6/crtatmega2560.o
__vector_14                                       /usr/lib/gcc/avr/10.2.0/../../../../avr/lib/avr6/crtatmega2560.o
__vector_15                                       /usr/lib/gcc/avr/10.2.0/../../../../avr/lib/avr6/crtatmega2560.o
__vector_16                                       /usr/lib/gcc/avr/10.2.0/../../../../avr/lib/avr6/crtatmega2560.o
__vector_17                                       /usr/lib/gcc/avr/10.2.0/../../../../avr/lib/avr6/crtatmega2560.o
__vector_18                                       /usr/lib/gcc/avr/10.2.0/../../../../avr/lib/avr6/crtatmega2560.o
__vector_19                                       /usr/lib/gcc/avr/10.2.0/../../../../avr/lib/avr6/crtatmega2560.o
__vector_2                                        /usr/lib/gcc/avr/10.2.0/../../../../avr/lib/avr6/crtatmega2560.o
__vector_20                                       /usr/lib/gcc/avr/10.2.0/../../../../avr/lib/avr6/crtatmega2560.o
__vector_21                                       /usr/lib/gcc/avr/10.2.0/../../../../avr/lib/avr6/crtatmega2560.o
__vector_22                                       /usr/lib/gcc/avr/10.2.0/../../../../avr/lib/avr6/crtatmega2560.o
__vector_23                                       /usr/lib/gcc/avr/10.2.0/../../../../avr/lib/avr6/crtatmega2560.o
__vector_24                                       /usr/lib/gcc/avr/10.2.0/../../../../avr/lib/avr6/crtatmega2560.o
__vector_25                                       /usr/lib/gcc/avr/10.2.0/../../../../avr/lib/avr6/crtatmega2560.o
__vector_26                                       /usr/lib/gcc/avr/10.2.0/../../../../avr/lib/avr6/crtatmega2560.o
__vector_27                                       /usr/lib/gcc/avr/10.2.0/../../../../avr/lib/avr6/crtatmega2560.o
__vector_28                                       /usr/lib/gcc/avr/10.2.0/../../../../avr/lib/avr6/crtatmega2560.o
__vector_29                                       /usr/lib/gcc/avr/10.2.0/../../../../avr/lib/avr6/crtatmega2560.o
__vector_3                                        /usr/lib/gcc/avr/10.2.0/../../../../avr/lib/avr6/crtatmega2560.o
__vector_30                                       /usr/lib/gcc/avr/10.2.0/../../../../avr/lib/avr6/crtatmega2560.o
__vector_31                                       /usr/lib/gcc/avr/10.2.0/../../../../avr/lib/avr6/crtatmega2560.o
__vector_32                                       /usr/lib/gcc/avr/10.2.0/../../../../avr/lib/avr6/crtatmega2560.o
__vector_33                                       /usr/lib/gcc/avr/10.2.0/../../../../avr/lib/avr6/crtatmega2560.o
__vector_34                                       /usr/lib/gcc/avr/10.2.0/../../../../avr/lib/avr6/crtatmega2560.o
__vector_35                                       /usr/lib/gcc/avr/10.2.0/../../../../avr/lib/avr6/crtatmega2560.o
__vector_36                                       /usr/lib/gcc/avr/10.2.0/../../../../avr/lib/avr6/crtatmega2560.o
__vector_37                                       /usr/lib/gcc/avr/10.2.0/../../../../avr/lib/avr6/crtatmega2560.o
__vector_38                                       /usr/lib/gcc/avr/10.2.0/../../../../avr/lib/avr6/crtatmega2560.o
__vector_39                                       /usr/lib/gcc/avr/10.2.0/../../../../avr/lib/avr6/crtatmega2560.o
__vector_4                                        /usr/lib/gcc/avr/10.2.0/../../../../avr/lib/avr6/crtatmega2560.o
__vector_40                                       /usr/lib/gcc/avr/10.2.0/../../../../avr/lib/avr6/crtatmega2560.o
__vector_41                                       /usr/lib/gcc/avr/10.2.0/../../../../avr/lib/avr6/crtatmega2560.o
__vector_42                                       /usr/lib/gcc/avr/10.2.0/../../../../avr/lib/avr6/crtatmega2560.o
__vector_43                                       /usr/lib/gcc/avr/10.2.0/../../../../avr/lib/avr6/crtatmega2560.o
__vector_44                                       /usr/lib/gcc/avr/10.2.0/../../../../avr/lib/avr6/crtatmega2560.o
__vector_45                                       /usr/lib/gcc/avr/10.2.0/../../../../avr/lib/avr6/crtatmega2560.o
__vector_46                                       /usr/lib/gcc/avr/10.2.0/../../../../avr/lib/avr6/crtatmega2560.o
__vector_47                                       /usr/lib/gcc/avr/10.2.0/../../../../avr/lib/avr6/crtatmega2560.o
__vector_48                                       /usr/lib/gcc/avr/10.2.0/../../../../avr/lib/avr6/crtatmega2560.o
__vector_49                                       /usr/lib/gcc/avr/10.2.0/../../../../avr/lib/avr6/crtatmega2560.o
__vector_5                                        /usr/lib/gcc/avr/10.2.0/../../../../avr/lib/avr6/crtatmega2560.o
__vector_50                                       /usr/lib/gcc/avr/10.2.0/../../../../avr/lib/avr6/crtatmega2560.o
__vector_51                                       /usr/lib/gcc/avr/10.2.0/../../../../avr/lib/avr6/crtatmega2560.o
__vector_52                                       /usr/lib/gcc/avr/10.2.0/../../../../avr/lib/avr6/crtatmega2560.o
__vector_53                                       /usr/lib/gcc/avr/10.2.0/../../../../avr/lib/avr6/crtatmega2560.o
__vector_54                                       /usr/lib/gcc/avr/10.2.0/../../../../avr/lib/avr6/crtatmega2560.o
__vector_55                                       /usr/lib/gcc/avr/10.2.0/../../../../avr/lib/avr6/crtatmega2560.o
__vector_56                                       /usr/lib/gcc/avr/10.2.0/../../../../avr/lib/avr6/crtatmega2560.o
__vector_6                                        /usr/lib/gcc/avr/10.2.0/../../../../avr/lib/avr6/crtatmega2560.o
__vector_7                                        /usr/lib/gcc/avr/10.2.0/../../../../avr/lib/avr6/crtatmega2560.o
__vector_8                                        /usr/lib/gcc/avr/10.2.0/../../../../avr/lib/avr6/crtatmega2560.o
__vector_9                                        /usr/lib/gcc/avr/10.2.0/../../../../avr/lib/avr6/crtatmega2560.o
__vector_default                                  /usr/lib/gcc/avr/10.2.0/../../../../avr/lib/avr6/crtatmega2560.o
__vectors                                         /usr/lib/gcc/avr/10.2.0/../../../../avr/lib/avr6/crtatmega2560.o
_div                                              /usr/lib/gcc/avr/10.2.0/avr6/libgcc.a(_divmodhi4.o)
_exit                                             /usr/lib/gcc/avr/10.2.0/avr6/libgcc.a(_exit.o)
app_start                                         stk500boot.o
check                                             stk500boot.o
delay_ms                                          stk500boot.o
deselect                                          asmfunc.o
                                                  mmc.o
disk_initialize                                   mmc.o
                                                  pff.o
disk_readp                                        mmc.o
                                                  pff.o
dly_100us                                         asmfunc.o
                                                  mmc.o
eeprom_read_byte                                  /usr/lib/gcc/avr/10.2.0/../../../../avr/lib/avr6/libatmega2560.a(eerd_byte.o)
                                                  stk500boot.o
eeprom_write_byte                                 /usr/lib/gcc/avr/10.2.0/../../../../avr/lib/avr6/libatmega2560.a(eewr_byte.o)
                                                  stk500boot.o
eeprom_write_r18                                  /usr/lib/gcc/avr/10.2.0/../../../../avr/lib/avr6/libatmega2560.a(eewr_byte.o)
exit                                              /usr/lib/gcc/avr/10.2.0/avr6/libgcc.a(_exit.o)
                                                  /usr/lib/gcc/avr/10.2.0/../../../../avr/lib/avr6/crtatmega2560.o
flash_erase                                       asmfunc.o
                                                  stk500boot.o
flash_write                                       asmfunc.o
                                                  stk500boot.o
gEepromIndex                                      stk500boot.o
gFlashIndex                                       stk500boot.o
gRamIndex                                         stk500boot.o
gTextMsg_CPU_Name                                 stk500boot.o
init_spi                                          asmfunc.o
                                                  mmc.o
main                                              stk500boot.o
                                                  /usr/lib/gcc/avr/10.2.0/../../../../avr/lib/avr6/crtatmega2560.o
memset                                            /usr/lib/gcc/avr/10.2.0/../../../../avr/lib/avr6/libc.a(memset.o)
                                                  pff.o
                                                  stk500boot.o
pf_mount                                          pff.o
                                                  stk500boot.o
pf_open                                           pff.o
                                                  stk500boot.o
pf_read                                           pff.o
                                                  stk500boot.o
rcv_spi                                           asmfunc.o
                                                  mmc.o
select                                            asmfunc.o
                                                  mmc.o
xmit_spi                                          asmfunc.o
                                                  mmc.o
